// Jest Snapshot v1, https://goo.gl/fbAQLP

exports[`CitiesView renders h1 static title "Discover the weather in Belarus cities" 1`] = `
<div
  className="row"
>
  <div
    className="col-md-8 col-md-offset-2"
  >
    <div
      className="panel panel-default"
    >
      <div
        className="panel-body"
      >
        <h1>
          Discover the weather in Belarus cities
        </h1>
        <hr />
      </div>
    </div>
  </div>
</div>
`;
